[main 4befe78] Auto-sync [00:20]
 8 files changed, 81 insertions(+), 69 deletions(-)
 create mode 100644 logs/git_daemon.out
[main bfe9825] Auto-sync [00:25]
 4 files changed, 55 insertions(+), 51 deletions(-)
[main c3b316a] Auto-sync [00:30]
 4 files changed, 54 insertions(+), 51 deletions(-)
[main 44d1082] Auto-sync [00:35]
 12 files changed, 124 insertions(+), 66 deletions(-)
 create mode 100644 data/raw_clutch.html
 create mode 100644 fixed/demo_script.json
 create mode 100644 fixed/notification_setup.json
 create mode 100644 fixed/pricing_tiers.json
 create mode 100644 www/index.html
[main 46c9304] Auto-sync [00:41]
 8 files changed, 84 insertions(+), 52 deletions(-)
 create mode 100644 fixed/queues.json
[main 48748cf] Auto-sync [00:46]
 5 files changed, 65 insertions(+), 51 deletions(-)
[main f68d6b0] Auto-sync [00:51]
 5 files changed, 64 insertions(+), 51 deletions(-)
[main 04ff1a0] Auto-sync [00:56]
 5 files changed, 73 insertions(+), 60 deletions(-)
[main e8f5d5f] Auto-sync [01:01]
 5 files changed, 64 insertions(+), 51 deletions(-)
[main 03744e8] Auto-sync [01:06]
 5 files changed, 73 insertions(+), 60 deletions(-)
[main 00c120e] Auto-sync [01:11]
 5 files changed, 64 insertions(+), 51 deletions(-)
[main 904de76] Auto-sync [01:16]
 5 files changed, 64 insertions(+), 51 deletions(-)
[main 5c2f5b9] Auto-sync [01:21]
 5 files changed, 64 insertions(+), 51 deletions(-)
[main bef62a6] Auto-sync [01:26]
 5 files changed, 64 insertions(+), 51 deletions(-)
[main 5f00790] Auto-sync [01:31]
 5 files changed, 73 insertions(+), 60 deletions(-)
[main 7ad449f] Auto-sync [01:36]
 5 files changed, 64 insertions(+), 51 deletions(-)
[main b1c2e4f] Auto-sync [01:41]
 10 files changed, 465 insertions(+), 51 deletions(-)
 create mode 100755 swarm_monetizer/audioNotify.py
 create mode 100644 swarm_monetizer/earnings/log.json
 create mode 100755 swarm_monetizer/instantCashSwarm.py
 create mode 100644 swarm_monetizer/manifest.json
 create mode 100644 swarm_monetizer/payloads/swarm_config.json
[main dcef798] Auto-sync [01:46]
 5 files changed, 69 insertions(+), 51 deletions(-)
